// Jest Snapshot v1, https://goo.gl/fbAQLP

exports[`Tooltip matches snapshot with bottom position 1`] = `
<div
  className="relative inline-flex"
  onBlur={[Function]}
  onFocus={[Function]}
  onMouseEnter={[Function]}
  onMouseLeave={[Function]}
>
  <button>
    Hover me
  </button>
</div>
`;

exports[`Tooltip matches snapshot with default position (top) 1`] = `
<div
  className="relative inline-flex"
  onBlur={[Function]}
  onFocus={[Function]}
  onMouseEnter={[Function]}
  onMouseLeave={[Function]}
>
  <button>
    Hover me
  </button>
</div>
`;
